Processing esp32dev (platform: espressif32; board: esp32dev; framework: arduino)
--------------------------------------------------------------------------------
Verbose mode can be enabled via `-v, --verbose` option
CONFIGURATION: https://docs.platformio.org/page/boards/espressif32/esp32dev.html
PLATFORM: Espressif 32 (6.12.0) > Espressif ESP32 Dev Module
HARDWARE: ESP32 240MHz, 320KB RAM, 4MB Flash
DEBUG: Current (cmsis-dap) External (cmsis-dap, esp-bridge, esp-prog, iot-bus-jtag, jlink, minimodule, olimex-arm-usb-ocd, olimex-arm-usb-ocd-h, olimex-arm-usb-tiny-h, olimex-jtag-tiny, tumpa)
PACKAGES: 
 - framework-arduinoespressif32 @ 3.20017.241212+sha.dcc1105b 
 - tool-esptoolpy @ 2.40900.250804 (4.9.0) 
 - toolchain-xtensa-esp32 @ 8.4.0+2021r2-patch5
LDF: Library Dependency Finder -> https://bit.ly/configure-pio-ldf
LDF Modes: Finder ~ chain, Compatibility ~ soft
Found 41 compatible libraries
Scanning dependencies...
Dependency Graph
|-- WiFi @ 2.0.0
|-- ArduinoJson @ 5.13.4
|-- WebServer @ 2.0.0
|-- RF24 @ 1.5.0
|-- RF24Network @ 2.0.5
|-- alerts
|-- config
|-- debug_print
|-- protection
|-- packet_capture
|-- EEPROM @ 2.0.0
|-- HTTPClient @ 2.0.0
Building in release mode
Compiling .pio\build\esp32dev\lib3c6\config\config.cpp.o
Compiling .pio\build\esp32dev\libc2c\packet_capture\packet_capture.cpp.o
Compiling .pio\build\esp32dev\libe05\debug_print\debug_print.cpp.o
